// Jest Snapshot v1, https://goo.gl/fbAQLP

exports[`Test on <PrimeraApp /> should show <PrimeraApp /> correctly 1`] = `
<Fragment>
  <h1>
    Hola Soy Julian
  </h1>
  <p>
    Mi primera app
  </p>
</Fragment>
`;
